// Jest Snapshot v1, https://goo.gl/fbAQLP

exports[`GARN should require the JSON Schema of Person 1`] = `
Object {
  "$id": "schema:Person",
  "$schema": "https://json-schema.org/draft/2020-12/schema",
  "allOf": Array [
    Object {
      "$ref": "schema:Thing",
      "description": "The most generic type of item.",
    },
  ],
  "description": "A person (alive, dead, undead, or fictional).",
  "properties": Object {
    "additionalName": Object {
      "description": "An additional name for a Person, can be used for a middle name.",
      "oneOf": Array [
        Object {
          "type": "string",
        },
        Object {
          "items": Object {
            "type": "string",
          },
          "type": "array",
        },
      ],
    },
    "address": Object {
      "anyOf": Array [
        Object {
          "type": "string",
        },
        Object {
          "$ref": "schema:PostalAddress",
        },
      ],
      "description": "Physical address of the item.",
    },
    "affiliation": Object {
      "description": "An organization that this person is affiliated with. For example, a school/university, a club, or a team.",
      "oneOf": Array [
        Object {
          "$ref": "schema:Organization",
        },
        Object {
          "items": Object {
            "$ref": "schema:Organization",
          },
          "type": "array",
        },
      ],
    },
    "alumniOf": Object {
      "description": "An organization that the person is an alumni of.",
      "oneOf": Array [
        Object {
          "anyOf": Array [
            Object {
              "$ref": "schema:EducationalOrganization",
            },
            Object {
              "$ref": "schema:Organization",
            },
          ],
        },
        Object {
          "items": Object {
            "anyOf": Array [
              Object {
                "$ref": "schema:EducationalOrganization",
              },
              Object {
                "$ref": "schema:Organization",
              },
            ],
          },
          "type": "array",
        },
      ],
    },
    "award": Object {
      "description": "An award won by or for this item.",
      "oneOf": Array [
        Object {
          "type": "string",
        },
        Object {
          "items": Object {
            "type": "string",
          },
          "type": "array",
        },
      ],
    },
    "awards": Object {
      "description": "Awards won by or for this item.",
      "oneOf": Array [
        Object {
          "type": "string",
        },
        Object {
          "items": Object {
            "type": "string",
          },
          "type": "array",
        },
      ],
    },
    "birthDate": Object {
      "description": "Date of birth.",
      "format": "date",
      "type": "string",
    },
    "birthPlace": Object {
      "$ref": "schema:Place",
      "description": "The place where the person was born.",
    },
    "brand": Object {
      "anyOf": Array [
        Object {
          "$ref": "schema:Brand",
        },
        Object {
          "$ref": "schema:Organization",
        },
      ],
      "description": "The brand(s) associated with a product or service, or the brand(s) maintained by an organization or business person.",
    },
    "callSign": Object {
      "description": "A [callsign](https://en.wikipedia.org/wiki/Call_sign), as used in broadcasting and radio communications to identify people, radio and TV stations, or vehicles.",
      "oneOf": Array [
        Object {
          "type": "string",
        },
        Object {
          "items": Object {
            "type": "string",
          },
          "type": "array",
        },
      ],
    },
    "children": Object {
      "description": "A child of the person.",
      "oneOf": Array [
        Object {
          "$ref": "schema:Person",
        },
        Object {
          "items": Object {
            "$ref": "schema:Person",
          },
          "type": "array",
        },
      ],
    },
    "colleague": Object {
      "description": "A colleague of the person.",
      "oneOf": Array [
        Object {
          "anyOf": Array [
            Object {
              "format": "uri",
              "type": "string",
            },
            Object {
              "$ref": "schema:Person",
            },
          ],
        },
        Object {
          "items": Object {
            "anyOf": Array [
              Object {
                "format": "uri",
                "type": "string",
              },
              Object {
                "$ref": "schema:Person",
              },
            ],
          },
          "type": "array",
        },
      ],
    },
    "colleagues": Object {
      "description": "A colleague of the person.",
      "oneOf": Array [
        Object {
          "$ref": "schema:Person",
        },
        Object {
          "items": Object {
            "$ref": "schema:Person",
          },
          "type": "array",
        },
      ],
    },
    "contactPoint": Object {
      "description": "A contact point for a person or organization.",
      "oneOf": Array [
        Object {
          "$ref": "schema:ContactPoint",
        },
        Object {
          "items": Object {
            "$ref": "schema:ContactPoint",
          },
          "type": "array",
        },
      ],
    },
    "contactPoints": Object {
      "description": "A contact point for a person or organization.",
      "oneOf": Array [
        Object {
          "$ref": "schema:ContactPoint",
        },
        Object {
          "items": Object {
            "$ref": "schema:ContactPoint",
          },
          "type": "array",
        },
      ],
    },
    "deathDate": Object {
      "description": "Date of death.",
      "format": "date",
      "type": "string",
    },
    "deathPlace": Object {
      "$ref": "schema:Place",
      "description": "The place where the person died.",
    },
    "duns": Object {
      "description": "The Dun & Bradstreet DUNS number for identifying an organization or business person.",
      "type": "string",
    },
    "email": Object {
      "description": "Email address.",
      "oneOf": Array [
        Object {
          "type": "string",
        },
        Object {
          "items": Object {
            "type": "string",
          },
          "type": "array",
        },
      ],
    },
    "familyName": Object {
      "description": "Family name. In the U.S., the last name of a Person.",
      "type": "string",
    },
    "faxNumber": Object {
      "description": "The fax number.",
      "type": "string",
    },
    "follows": Object {
      "description": "The most generic uni-directional social relation.",
      "oneOf": Array [
        Object {
          "$ref": "schema:Person",
        },
        Object {
          "items": Object {
            "$ref": "schema:Person",
          },
          "type": "array",
        },
      ],
    },
    "funder": Object {
      "description": "A person or organization that supports (sponsors) something through some kind of financial contribution.",
      "oneOf": Array [
        Object {
          "anyOf": Array [
            Object {
              "$ref": "schema:Organization",
            },
            Object {
              "$ref": "schema:Person",
            },
          ],
        },
        Object {
          "items": Object {
            "anyOf": Array [
              Object {
                "$ref": "schema:Organization",
              },
              Object {
                "$ref": "schema:Person",
              },
            ],
          },
          "type": "array",
        },
      ],
    },
    "funding": Object {
      "description": "A [[Grant]] that directly or indirectly provide funding or sponsorship for this item. See also [[ownershipFundingInfo]].",
      "oneOf": Array [
        Object {
          "$ref": "schema:Grant",
        },
        Object {
          "items": Object {
            "$ref": "schema:Grant",
          },
          "type": "array",
        },
      ],
    },
    "gender": Object {
      "anyOf": Array [
        Object {
          "type": "string",
        },
        Object {
          "$ref": "schema:GenderType",
        },
      ],
      "description": "Gender of something, typically a [[Person]], but possibly also fictional characters, animals, etc. While https://schema.org/Male and https://schema.org/Female may be used, text strings are also acceptable for people who do not identify as a binary gender. The [[gender]] property can also be used in an extended sense to cover e.g. the gender of sports teams. As with the gender of individuals, we do not try to enumerate all possibilities. A mixed-gender [[SportsTeam]] can be indicated with a text value of \\"Mixed\\".",
    },
    "givenName": Object {
      "description": "Given name. In the U.S., the first name of a Person.",
      "oneOf": Array [
        Object {
          "type": "string",
        },
        Object {
          "items": Object {
            "type": "string",
          },
          "type": "array",
        },
      ],
    },
    "globalLocationNumber": Object {
      "description": "The [Global Location Number](http://www.gs1.org/gln) (GLN, sometimes also referred to as International Location Number or ILN) of the respective organization, person, or place. The GLN is a 13-digit number used to identify parties and physical locations.",
      "type": "string",
    },
    "hasCredential": Object {
      "description": "A credential awarded to the Person or Organization.",
      "oneOf": Array [
        Object {
          "$ref": "schema:EducationalOccupationalCredential",
        },
        Object {
          "items": Object {
            "$ref": "schema:EducationalOccupationalCredential",
          },
          "type": "array",
        },
      ],
    },
    "hasOccupation": Object {
      "$ref": "schema:Occupation",
      "description": "The Person's occupation. For past professions, use Role for expressing dates.",
    },
    "hasOfferCatalog": Object {
      "description": "Indicates an OfferCatalog listing for this Organization, Person, or Service.",
      "oneOf": Array [
        Object {
          "$ref": "schema:OfferCatalog",
        },
        Object {
          "items": Object {
            "$ref": "schema:OfferCatalog",
          },
          "type": "array",
        },
      ],
    },
    "hasPOS": Object {
      "description": "Points-of-Sales operated by the organization or person.",
      "oneOf": Array [
        Object {
          "$ref": "schema:Place",
        },
        Object {
          "items": Object {
            "$ref": "schema:Place",
          },
          "type": "array",
        },
      ],
    },
    "height": Object {
      "anyOf": Array [
        Object {
          "$comment": "https://schema.org/Distance",
          "type": "string",
        },
        Object {
          "$ref": "schema:QuantitativeValue",
        },
      ],
      "description": "The height of the item.",
    },
    "homeLocation": Object {
      "description": "A contact location for a person's residence.",
      "oneOf": Array [
        Object {
          "anyOf": Array [
            Object {
              "$ref": "schema:ContactPoint",
            },
            Object {
              "$ref": "schema:Place",
            },
          ],
        },
        Object {
          "items": Object {
            "anyOf": Array [
              Object {
                "$ref": "schema:ContactPoint",
              },
              Object {
                "$ref": "schema:Place",
              },
            ],
          },
          "type": "array",
        },
      ],
    },
    "honorificPrefix": Object {
      "description": "An honorific prefix preceding a Person's name such as Dr/Mrs/Mr.",
      "oneOf": Array [
        Object {
          "type": "string",
        },
        Object {
          "items": Object {
            "type": "string",
          },
          "type": "array",
        },
      ],
    },
    "honorificSuffix": Object {
      "description": "An honorific suffix following a Person's name such as M.D. /PhD/MSCSW.",
      "oneOf": Array [
        Object {
          "type": "string",
        },
        Object {
          "items": Object {
            "type": "string",
          },
          "type": "array",
        },
      ],
    },
    "interactionStatistic": Object {
      "$ref": "schema:InteractionCounter",
      "description": "The number of interactions for the CreativeWork using the WebSite or SoftwareApplication. The most specific child type of InteractionCounter should be used.",
    },
    "isicV4": Object {
      "description": "The International Standard of Industrial Classification of All Economic Activities (ISIC), Revision 4 code for a particular organization, business person, or place.",
      "type": "string",
    },
    "jobTitle": Object {
      "anyOf": Array [
        Object {
          "type": "string",
        },
        Object {
          "$ref": "schema:DefinedTerm",
        },
      ],
      "description": "The job title of the person (for example, Financial Manager).",
    },
    "knows": Object {
      "$ref": "schema:Person",
      "description": "The most generic bi-directional social/work relation.",
    },
    "knowsAbout": Object {
      "description": "Of a [[Person]], and less typically of an [[Organization]], to indicate a topic that is known about - suggesting possible expertise but not implying it. We do not distinguish skill levels here, or relate this to educational content, events, objectives or [[JobPosting]] descriptions.",
      "oneOf": Array [
        Object {
          "anyOf": Array [
            Object {
              "format": "uri",
              "type": "string",
            },
            Object {
              "type": "string",
            },
            Object {
              "$ref": "schema:Thing",
            },
          ],
        },
        Object {
          "items": Object {
            "anyOf": Array [
              Object {
                "format": "uri",
                "type": "string",
              },
              Object {
                "type": "string",
              },
              Object {
                "$ref": "schema:Thing",
              },
            ],
          },
          "type": "array",
        },
      ],
    },
    "knowsLanguage": Object {
      "description": "Of a [[Person]], and less typically of an [[Organization]], to indicate a known language. We do not distinguish skill levels or reading/writing/speaking/signing here. Use language codes from the [IETF BCP 47 standard](http://tools.ietf.org/html/bcp47).",
      "oneOf": Array [
        Object {
          "anyOf": Array [
            Object {
              "type": "string",
            },
            Object {
              "$ref": "schema:Language",
            },
          ],
        },
        Object {
          "items": Object {
            "anyOf": Array [
              Object {
                "type": "string",
              },
              Object {
                "$ref": "schema:Language",
              },
            ],
          },
          "type": "array",
        },
      ],
    },
    "makesOffer": Object {
      "description": "A pointer to products or services offered by the organization or person.",
      "oneOf": Array [
        Object {
          "$ref": "schema:Offer",
        },
        Object {
          "items": Object {
            "$ref": "schema:Offer",
          },
          "type": "array",
        },
      ],
    },
    "memberOf": Object {
      "description": "An Organization (or ProgramMembership) to which this Person or Organization belongs.",
      "oneOf": Array [
        Object {
          "anyOf": Array [
            Object {
              "$ref": "schema:Organization",
            },
            Object {
              "$ref": "schema:ProgramMembership",
            },
          ],
        },
        Object {
          "items": Object {
            "anyOf": Array [
              Object {
                "$ref": "schema:Organization",
              },
              Object {
                "$ref": "schema:ProgramMembership",
              },
            ],
          },
          "type": "array",
        },
      ],
    },
    "naics": Object {
      "description": "The North American Industry Classification System (NAICS) code for a particular organization or business person.",
      "type": "string",
    },
    "nationality": Object {
      "description": "Nationality of the person.",
      "oneOf": Array [
        Object {
          "$ref": "schema:Country",
        },
        Object {
          "items": Object {
            "$ref": "schema:Country",
          },
          "type": "array",
        },
      ],
    },
    "netWorth": Object {
      "anyOf": Array [
        Object {
          "$ref": "schema:MonetaryAmount",
        },
        Object {
          "$ref": "schema:PriceSpecification",
        },
      ],
      "description": "The total financial value of the person as calculated by subtracting assets from liabilities.",
    },
    "owns": Object {
      "description": "Products owned by the organization or person.",
      "oneOf": Array [
        Object {
          "anyOf": Array [
            Object {
              "$ref": "schema:OwnershipInfo",
            },
            Object {
              "$ref": "schema:Product",
            },
          ],
        },
        Object {
          "items": Object {
            "anyOf": Array [
              Object {
                "$ref": "schema:OwnershipInfo",
              },
              Object {
                "$ref": "schema:Product",
              },
            ],
          },
          "type": "array",
        },
      ],
    },
    "parent": Object {
      "description": "A parent of this person.",
      "oneOf": Array [
        Object {
          "$ref": "schema:Person",
        },
        Object {
          "items": Object {
            "$ref": "schema:Person",
          },
          "type": "array",
        },
      ],
    },
    "parents": Object {
      "description": "A parents of the person.",
      "oneOf": Array [
        Object {
          "$ref": "schema:Person",
        },
        Object {
          "items": Object {
            "$ref": "schema:Person",
          },
          "type": "array",
        },
      ],
    },
    "performerIn": Object {
      "description": "Event that this person is a performer or participant in.",
      "oneOf": Array [
        Object {
          "$ref": "schema:Event",
        },
        Object {
          "items": Object {
            "$ref": "schema:Event",
          },
          "type": "array",
        },
      ],
    },
    "publishingPrinciples": Object {
      "anyOf": Array [
        Object {
          "format": "uri",
          "type": "string",
        },
        Object {
          "$ref": "schema:CreativeWork",
        },
      ],
      "description": "The publishingPrinciples property indicates (typically via [[URL]]) a document describing the editorial principles of an [[Organization]] (or individual e.g. a [[Person]] writing a blog) that relate to their activities as a publisher, e.g. ethics or diversity policies. When applied to a [[CreativeWork]] (e.g. [[NewsArticle]]) the principles are those of the party primarily responsible for the creation of the [[CreativeWork]].

While such policies are most typically expressed in natural language, sometimes related information (e.g. indicating a [[funder]]) can be expressed using schema.org terminology.
",
    },
    "relatedTo": Object {
      "$ref": "schema:Person",
      "description": "The most generic familial relation.",
    },
    "seeks": Object {
      "description": "A pointer to products or services sought by the organization or person (demand).",
      "oneOf": Array [
        Object {
          "$ref": "schema:Demand",
        },
        Object {
          "items": Object {
            "$ref": "schema:Demand",
          },
          "type": "array",
        },
      ],
    },
    "sibling": Object {
      "description": "A sibling of the person.",
      "oneOf": Array [
        Object {
          "$ref": "schema:Person",
        },
        Object {
          "items": Object {
            "$ref": "schema:Person",
          },
          "type": "array",
        },
      ],
    },
    "siblings": Object {
      "description": "A sibling of the person.",
      "oneOf": Array [
        Object {
          "$ref": "schema:Person",
        },
        Object {
          "items": Object {
            "$ref": "schema:Person",
          },
          "type": "array",
        },
      ],
    },
    "sponsor": Object {
      "description": "A person or organization that supports a thing through a pledge, promise, or financial contribution. e.g. a sponsor of a Medical Study or a corporate sponsor of an event.",
      "oneOf": Array [
        Object {
          "anyOf": Array [
            Object {
              "$ref": "schema:Organization",
            },
            Object {
              "$ref": "schema:Person",
            },
          ],
        },
        Object {
          "items": Object {
            "anyOf": Array [
              Object {
                "$ref": "schema:Organization",
              },
              Object {
                "$ref": "schema:Person",
              },
            ],
          },
          "type": "array",
        },
      ],
    },
    "spouse": Object {
      "$ref": "schema:Person",
      "description": "The person's spouse.",
    },
    "taxID": Object {
      "description": "The Tax / Fiscal ID of the organization or person, e.g. the TIN in the US or the CIF/NIF in Spain.",
      "type": "string",
    },
    "telephone": Object {
      "description": "The telephone number.",
      "type": "string",
    },
    "vatID": Object {
      "description": "The Value-added Tax ID of the organization or person.",
      "type": "string",
    },
    "weight": Object {
      "$ref": "schema:QuantitativeValue",
      "description": "The weight of the product or person.",
    },
    "workLocation": Object {
      "description": "A contact location for a person's place of work.",
      "oneOf": Array [
        Object {
          "anyOf": Array [
            Object {
              "$ref": "schema:ContactPoint",
            },
            Object {
              "$ref": "schema:Place",
            },
          ],
        },
        Object {
          "items": Object {
            "anyOf": Array [
              Object {
                "$ref": "schema:ContactPoint",
              },
              Object {
                "$ref": "schema:Place",
              },
            ],
          },
          "type": "array",
        },
      ],
    },
    "worksFor": Object {
      "description": "Organizations that the person works for.",
      "oneOf": Array [
        Object {
          "$ref": "schema:Organization",
        },
        Object {
          "items": Object {
            "$ref": "schema:Organization",
          },
          "type": "array",
        },
      ],
    },
  },
  "title": "Person",
  "type": "object",
}
`;
